audit records=38328 failed=244
  39.848165,118.353878 -> empty routeDistance=None
  39.856237,118.226944 -> empty routeDistance=None
  39.860634,118.046042 -> hit routeDistance=207.48183968523892
  39.862173,118.083615 -> empty routeDistance=None
  39.863948,118.004636 -> hit routeDistance=2.733531921756529
  39.864091,118.546719 -> hit routeDistance=400.3682570646975
  39.865681,118.453438 -> empty routeDistance=None
  39.866205,118.137526 -> empty routeDistance=None
  39.866550,118.218041 -> empty routeDistance=None
  39.867088,118.214947 -> empty routeDistance=None
  39.867225,118.213815 -> empty routeDistance=None
  39.867362,118.212683 -> empty routeDistance=None
  39.868898,118.190950 -> empty routeDistance=None
  39.870361,118.780768 -> empty routeDistance=None
  39.873217,117.941285 -> hit routeDistance=5.371204579141616
  39.879363,117.842929 -> hit routeDistance=1.7286517904338747
  39.897011,117.760773 -> hit routeDistance=8.742594189272063
  39.898435,117.741288 -> hit routeDistance=9.810809731229561
  39.914392,116.489052 -> hit routeDistance=8.011976514724092
  39.915180,116.533355 -> hit routeDistance=8.160980638226391
  39.920307,119.217177 -> hit routeDistance=93.22008296233099
  39.920602,117.595732 -> hit routeDistance=3.3222277459511846
  39.921372,117.577247 -> hit routeDistance=4.33476942057378
  39.924325,116.720143 -> hit routeDistance=6.622576374835363
  39.941563,119.396347 -> hit routeDistance=119.649650252546
  39.941699,119.276440 -> empty routeDistance=None
  39.942723,116.806846 -> hit routeDistance=8.87241909483227
  39.952278,116.904871 -> hit routeDistance=6.066824750056245
  39.953850,119.439247 -> hit routeDistance=359.39283330651665
  39.960447,119.454080 -> empty routeDistance=None
  39.979773,117.026472 -> hit routeDistance=2.195181400773297
  39.984194,117.056752 -> hit routeDistance=3.3478346967098176
  39.988674,117.291576 -> hit routeDistance=4.131597553301464
  39.992701,117.224790 -> hit routeDistance=3.872161100792111
  39.997668,117.143173 -> hit routeDistance=3.5379245826800783
  40.005988,119.622370 -> hit routeDistance=29.303200629350677
  40.009247,119.645012 -> hit routeDistance=57.15826153802882
  40.026711,119.768129 -> hit routeDistance=7.4756870959462045
  40.028572,119.777974 -> hit routeDistance=9.482914598776164
  40.339642,120.355537 -> empty routeDistance=None
  40.371650,120.412156 -> empty routeDistance=None
  40.598752,120.677755 -> empty routeDistance=None
  40.742873,120.793124 -> empty routeDistance=None
  40.792483,120.855982 -> empty routeDistance=None
  40.871290,120.960882 -> empty routeDistance=None
  41.129588,121.309052 -> hit routeDistance=inf
  41.269082,121.975227 -> empty routeDistance=None
  41.277837,121.960103 -> empty routeDistance=None
  41.278322,121.959265 -> empty routeDistance=None
  41.278865,121.958326 -> empty routeDistance=None
  41.279408,121.957388 -> empty routeDistance=None
  41.302694,121.540692 -> empty routeDistance=None
  41.331387,121.853598 -> empty routeDistance=None
  41.339333,121.581917 -> empty routeDistance=None
  41.343593,121.814402 -> empty routeDistance=None
  41.344433,122.317257 -> empty routeDistance=None
  41.344886,122.318135 -> empty routeDistance=None
  41.345239,122.318775 -> empty routeDistance=None
  41.345471,122.319155 -> empty routeDistance=None
  41.374967,121.681947 -> empty routeDistance=None
  41.379930,121.659178 -> empty routeDistance=None
  41.400428,122.456719 -> empty routeDistance=None
  41.456105,122.684859 -> empty routeDistance=None
  41.488791,122.728122 -> empty routeDistance=None
  41.522171,122.898115 -> empty routeDistance=None
  41.621614,123.049590 -> empty routeDistance=None
  41.723292,123.218584 -> hit routeDistance=1.628017205968555
  41.738348,123.235674 -> hit routeDistance=19.31566384700271
  41.738603,123.236770 -> hit routeDistance=17.102310577471847
  41.738724,123.237469 -> hit routeDistance=18.16550986871024
  41.738846,123.238168 -> hit routeDistance=19.02462228407476
  41.747712,123.256494 -> hit routeDistance=45.48975911859652
  41.759578,123.295883 -> hit routeDistance=10.29727011257004
  41.759885,123.297282 -> hit routeDistance=10.29727011257004
  41.774847,123.320684 -> hit routeDistance=5.226578762846595
  41.856482,123.376961 -> hit routeDistance=11.067285201204117
  41.857325,123.502872 -> hit routeDistance=6.6905377232077115
  41.859185,123.504022 -> hit routeDistance=3.1280309216539117
  41.859605,123.504280 -> hit routeDistance=3.5853492683205332
  41.863132,123.505554 -> hit routeDistance=6.361678238149406
  41.863807,123.505700 -> hit routeDistance=3.46202372900613
  41.865218,123.506003 -> hit routeDistance=4.576733340273956
  41.865929,123.506150 -> hit routeDistance=7.293068054313003
  41.877997,123.514253 -> hit routeDistance=1.5505448259129038
  41.878850,123.515112 -> hit routeDistance=3.9737288434914406
  41.879438,123.515700 -> hit routeDistance=4.363540595514793
  41.895397,123.532955 -> hit routeDistance=4.068354359656746
  41.898853,123.536314 -> hit routeDistance=8.191693476214587
  41.902147,123.539770 -> hit routeDistance=7.061190714170455
  41.903208,123.540508 -> hit routeDistance=8.467909945665784
  41.911849,123.547312 -> hit routeDistance=7.513950035225039
  41.925969,123.564017 -> hit routeDistance=4.712930251911117
  41.960307,123.589473 -> hit routeDistance=1.1098385777707263
  41.993012,123.599462 -> hit routeDistance=4.415980704632121
  42.024322,123.610407 -> hit routeDistance=8.416502740953613
  42.100664,123.644383 -> hit routeDistance=4.141080981393808
  42.334768,123.886241 -> hit routeDistance=238.83145966707514
  42.424200,123.984630 -> empty routeDistance=None
  42.605742,124.016053 -> hit routeDistance=11.178547388796769
  42.665899,124.014079 -> empty routeDistance=None
  42.886668,124.195788 -> hit routeDistance=115.56580355380132
  42.989107,124.237200 -> empty routeDistance=None
  43.117533,124.350578 -> empty routeDistance=None
  43.136858,124.359102 -> empty routeDistance=None
  43.309121,124.543561 -> empty routeDistance=None
  43.411547,124.668000 -> empty routeDistance=None
  43.450055,124.749442 -> empty routeDistance=None
  43.567624,124.885184 -> empty routeDistance=None
  43.570447,124.887573 -> empty routeDistance=None
  43.590881,124.897945 -> empty routeDistance=None
  43.591340,124.898113 -> empty routeDistance=None
  43.603970,124.909455 -> empty routeDistance=None
  43.605573,124.910124 -> empty routeDistance=None
  43.608339,124.911593 -> empty routeDistance=None
  43.611180,124.914320 -> empty routeDistance=None
  43.612083,124.915781 -> empty routeDistance=None
  43.621818,124.960080 -> empty routeDistance=None
  43.698844,125.042570 -> empty routeDistance=None
  43.748261,125.100833 -> empty routeDistance=None
  43.802274,125.238454 -> hit routeDistance=4.436960439076998
  43.803382,125.352233 -> hit routeDistance=5.322280023114181
  43.803475,125.226791 -> hit routeDistance=7.989188436335407
  43.803731,125.225025 -> hit routeDistance=8.993468212982089
  43.805554,125.212033 -> hit routeDistance=4.97628082872539
  43.807557,125.204963 -> hit routeDistance=6.952000577290917
  44.028793,125.423140 -> hit routeDistance=2.673209566707064
  44.105274,125.446379 -> hit routeDistance=0.9156707036507016
  44.163129,125.545345 -> hit routeDistance=3.6055198786961604
  44.176086,125.545056 -> hit routeDistance=7.715363283731498
  44.506614,125.721548 -> hit routeDistance=4.173829187305047
  44.511802,125.729074 -> hit routeDistance=7.309609003196033
  44.611477,125.866089 -> hit routeDistance=3.264445219462914
  44.735701,126.003141 -> hit routeDistance=9.796070313648057
  44.800726,126.017055 -> hit routeDistance=8.97105960576921
  44.810004,126.016751 -> hit routeDistance=5.91815126358356
  44.954766,126.087514 -> hit routeDistance=10.116845299458724
  45.043354,126.167060 -> hit routeDistance=13.417257185806745
  45.413139,126.376909 -> hit routeDistance=22.35143898599198
  45.547918,126.480656 -> hit routeDistance=8.713710876877839
  45.573402,126.492787 -> hit routeDistance=120.17299780610921
  45.852200,126.537770 -> hit routeDistance=6.7508385213467195
  45.859853,126.544767 -> hit routeDistance=2.253512901236912
  45.956964,128.143590 -> empty routeDistance=None
  45.960043,128.196057 -> empty routeDistance=None
  45.976755,127.905701 -> empty routeDistance=None
  46.004111,128.799147 -> empty routeDistance=None
  46.012809,128.642019 -> empty routeDistance=None
  46.032482,127.648075 -> empty routeDistance=None
  46.040637,128.930729 -> empty routeDistance=None
  46.072292,129.150510 -> empty routeDistance=None
  46.298427,129.445972 -> empty routeDistance=None
  46.380056,129.511519 -> empty routeDistance=None
  46.503233,129.619749 -> empty routeDistance=None
  46.561809,129.695651 -> empty routeDistance=None
  46.714031,129.747914 -> empty routeDistance=None
  46.801195,130.333089 -> hit routeDistance=2.483976143907909
  46.803510,130.336693 -> hit routeDistance=2.6617831254014117
  46.804563,130.008539 -> empty routeDistance=None
  46.806611,130.324763 -> hit routeDistance=7.802337577855679
  46.819180,130.393157 -> hit routeDistance=8.949725975848027
  46.841128,130.264378 -> empty routeDistance=None
  46.841202,130.438500 -> hit routeDistance=5.9027590126712255
  46.863683,130.501228 -> empty routeDistance=None
  46.871952,130.540269 -> empty routeDistance=None
  46.919097,130.651984 -> empty routeDistance=None
  46.951637,130.678751 -> empty routeDistance=None
  46.997409,130.739662 -> empty routeDistance=None
  47.025365,131.049955 -> empty routeDistance=None
  47.103088,131.239318 -> empty routeDistance=None
  47.131672,131.476988 -> empty routeDistance=None
  47.160170,131.730362 -> empty routeDistance=None
  47.216318,131.983902 -> empty routeDistance=None
  47.217366,131.982525 -> empty routeDistance=None
  47.217464,131.983038 -> empty routeDistance=None
  47.217465,131.983899 -> empty routeDistance=None
  47.217615,131.983038 -> empty routeDistance=None
  47.217735,131.982367 -> empty routeDistance=None
  47.217785,131.982587 -> empty routeDistance=None
  47.219229,131.988329 -> empty routeDistance=None
  47.220064,131.980267 -> empty routeDistance=None
  47.220093,131.990611 -> empty routeDistance=None
  47.220180,131.990378 -> empty routeDistance=None
  47.220685,131.991463 -> empty routeDistance=None
  47.220740,131.979593 -> empty routeDistance=None
  47.221362,131.978865 -> empty routeDistance=None
  47.223573,131.977226 -> empty routeDistance=None
  47.224106,131.931649 -> empty routeDistance=None
  47.224226,131.999052 -> empty routeDistance=None
  47.225237,132.001220 -> empty routeDistance=None
  47.226249,132.003388 -> empty routeDistance=None
  47.227766,132.006641 -> empty routeDistance=None
  47.227998,131.974475 -> empty routeDistance=None
  47.228567,131.974184 -> empty routeDistance=None
  47.229967,131.973561 -> empty routeDistance=None
  47.230613,132.013146 -> empty routeDistance=None
  47.231334,132.015346 -> empty routeDistance=None
  47.232598,131.972450 -> empty routeDistance=None
  47.233472,132.022828 -> empty routeDistance=None
  47.233752,132.023836 -> empty routeDistance=None
  47.234312,132.025853 -> empty routeDistance=None
  47.235054,132.028525 -> empty routeDistance=None
  47.235287,132.029359 -> empty routeDistance=None
  47.235931,132.031673 -> empty routeDistance=None
  47.236253,132.032830 -> empty routeDistance=None
  47.236576,132.033987 -> empty routeDistance=None
  47.237444,132.037133 -> empty routeDistance=None
  47.238123,132.039562 -> empty routeDistance=None
  47.238712,132.041656 -> empty routeDistance=None
  47.239243,132.043602 -> empty routeDistance=None
  47.239479,132.044501 -> empty routeDistance=None
  47.261351,132.075435 -> empty routeDistance=None
  47.267522,132.079475 -> empty routeDistance=None
  47.268922,132.080398 -> empty routeDistance=None
  47.271153,132.081869 -> empty routeDistance=None
  47.271918,132.082374 -> empty routeDistance=None
  47.273274,132.083264 -> empty routeDistance=None
  47.274456,132.084035 -> empty routeDistance=None
  47.275612,132.613330 -> empty routeDistance=None
  47.280127,132.096711 -> empty routeDistance=None
  47.280411,132.099916 -> empty routeDistance=None
  47.280596,132.101877 -> empty routeDistance=None
  47.280783,132.103851 -> empty routeDistance=None
  47.283149,132.116330 -> empty routeDistance=None
  47.283655,132.119576 -> empty routeDistance=None
  47.283724,132.120278 -> empty routeDistance=None
  47.283876,132.123236 -> empty routeDistance=None
  47.284095,132.125305 -> empty routeDistance=None
  47.284485,132.127134 -> empty routeDistance=None
  47.286244,132.134808 -> empty routeDistance=None
  47.288573,132.144759 -> empty routeDistance=None
  47.294432,132.581514 -> empty routeDistance=None
  47.345913,132.872684 -> empty routeDistance=None
  47.363945,133.023018 -> empty routeDistance=None
  47.592111,133.624052 -> empty routeDistance=None
  47.593269,133.733058 -> empty routeDistance=None
  47.593302,133.735586 -> empty routeDistance=None
  47.593469,133.748229 -> empty routeDistance=None
  47.594283,133.794769 -> empty routeDistance=None
  47.611941,134.099609 -> empty routeDistance=None
  47.734443,134.147942 -> empty routeDistance=None
  47.903196,134.145214 -> empty routeDistance=None
  48.100663,134.207167 -> empty routeDistance=None
  48.285993,134.681812 -> empty routeDistance=None
  48.304017,134.479055 -> empty routeDistance=None
{
  "patched": 244,
  "remainingErrors": 0,
  "newSeedsFromRetry": [
    "10011010151029130335900",
    "10011026131029133841900",
    "10011049150416112041300",
    "10131039141125100803800",
    "10131039141125103320400",
    "10131039141125112919400",
    "10131039141125125938500",
    "10131039141125130251500",
    "10131039141125131443900",
    "10131039141125133229800",
    "10131039141125134244200",
    "10131039141125140450800",
    "10131039141125152946000",
    "11031018130706152053100",
    "11031019130621141032100",
    "11031049150908095532400",
    "11031049150908105558300",
    "11031049150910133755200",
    "11101013150727114117300",
    "11101013150727114656000",
    "11101013150727120449600",
    "11101013150731121701100",
    "11101231130825112258900",
    "14011006130612135747900",
    "14011006130615101337300",
    "14011013141124152423300",
    "14011024130602151556100",
    "14011024130604160035500",
    "14011024130609120837700",
    "14011024130609120903400",
    "14011024130609120913500",
    "14011024130609120921100",
    "14011029150921133203400",
    "14011029150921133218800",
    "14011029150921133302600",
    "14011029150921133307600",
    "14011029150921133319700",
    "14011029150921133325300",
    "14011029150921133516100",
    "14011029150921133524400",
    "14011029150921133529700",
    "14011029150921133838000",
    "14011029150921134206300",
    "14011029150921134543100",
    "14011029150921155621100",
    "14011029150921161224500",
    "14011029150921161803600",
    "14011029150921162957600",
    "14011029150921163006900",
    "14011029150921163037500",
    "14011031130513121823400",
    "14011031130516143251200",
    "14011033140722101050000",
    "14011033140722125431200",
    "14011033140722142352900",
    "14011060150821151240500",
    "15011029151002121452500",
    "15011029151002142414900",
    "15011029151002142658600",
    "15011029151002142708600",
    "15011029151002142815200",
    "15011029151002144037400",
    "15011029151008111035500",
    "15011029151008112111700",
    "15011029151008122357600",
    "15011029151008123906700",
    "15011029151008130608400",
    "15011029151008131314300",
    "15011029151008131412500",
    "15011029151008133004400",
    "15011029151008134206600",
    "15011029151008153129200",
    "15011029151008160840600",
    "15011029151008160950300",
    "16011012130610113824800",
    "16011027150911125535000",
    "16011027150911131206800",
    "16011153150917125941300",
    "16011153150917140039300",
    "16081014140926104138700",
    "16081014140926110341800",
    "16081014141008101522300",
    "16081014141011111726000",
    "16081014141012150633800"
  ]
}
