{
  "ref": "G102",
  "wayCount": 1349,
  "routeLengthKilometers": 2971.31,
  "sampleNames": [
    "102??",
    "????",
    "????",
    "?????",
    "????",
    "????",
    "?????",
    "????",
    "????????",
    "????",
    "?????",
    "????",
    "???",
    "????",
    "????",
    "???",
    "???/???",
    "???;???",
    "???;???",
    "???;???",
    "???;???",
    "????",
    "????",
    "????",
    "??????????",
    "?????",
    "?????",
    "????",
    "????",
    "????",
    "????",
    "???",
    "?????",
    "?????",
    "?????",
    "????",
    "????",
    "??????",
    "????",
    "?????",
    "???",
    "???",
    "???",
    "?????",
    "?????",
    "???",
    "???",
    "?????",
    "????",
    "???",
    "?????",
    "????",
    "????",
    "???",
    "??????",
    "????",
    "????",
    "???",
    "?????",
    "????",
    "?????",
    "???",
    "???",
    "?????",
    "?????",
    "????",
    "?????",
    "????",
    "????",
    "????",
    "????",
    "????",
    "????",
    "???",
    "?????",
    "?????",
    "???",
    "???",
    "????",
    "????"
  ]
}
saved E:\workbuddy data work\2026-09-19-13-38-01\g102-osm-route.json and E:\workbuddy data work\2026-09-19-13-38-01\outputs\g102-osm-route-report.json
