PASS exists:g102-tencent-panoramas.json
PASS exists:g102-tencent-panoramas-slim.json
PASS exists:g102-tencent-lines.geojson
PASS exists:g102-osm-route.geojson
PASS exists:g102-tencent-scan-report.json
PASS exists:g102-tencent-sample-audit.json
PASS route_index_nonempty
PASS has_records
PASS provider_is_tencent_only
PASS no_baidu_fields
PASS ids_unique
PASS fields_complete
PASS coordinate_system_gcj02
PASS wgs84_differs_from_gcj02
PASS all_records_within_corridor
PASS worst_within_corridor
PASS tencent_jump_urls
PASS lines_present
PASS lines_have_length
PASS route_features_present
PASS route_lines_are_linestrings
PASS report_lattice_argument
PASS report_ref_matches
PASS audit_schema_matches
PASS report_centreline_only
PASS report_route_length
PASS shard_count_matches_slim
PASS shard_ids_unique
PASS shard_ids_cover_full
corridor_worst_meters=49.996 id=15011036140907130540200
records=100550 lineSegments=4927 lineKm=1453.7 shards=7
