G312 ways=4200 segments=42050 samples=94343 crossTrack=[0.0]
[g312-samples] resumed completed audit 94343 records
[g312-seeds] unique seeds=23945
[g312-graph] requests=14560 discovered=171518 pending=9385 roads=9094 errors=69
[g312-graph] requests=14616 discovered=172024 pending=9329 roads=9099 errors=69
[g312-graph] requests=14672 discovered=172536 pending=9273 roads=9100 errors=69
[g312-graph] requests=14728 discovered=173029 pending=9217 roads=9102 errors=69
[g312-graph] requests=14784 discovered=173615 pending=9161 roads=9112 errors=69
[g312-graph] requests=14840 discovered=174159 pending=9105 roads=9114 errors=69
[g312-graph] requests=14896 discovered=174708 pending=9049 roads=9115 errors=69
[g312-graph] requests=14952 discovered=175257 pending=8993 roads=9117 errors=69
[g312-graph] requests=15008 discovered=175807 pending=8937 roads=9117 errors=69
[g312-graph] requests=15064 discovered=176356 pending=8881 roads=9120 errors=69
[g312-graph] requests=15120 discovered=176813 pending=8825 roads=9122 errors=69
[g312-graph] requests=15176 discovered=177263 pending=8769 roads=9140 errors=69
[g312-graph] requests=15232 discovered=177696 pending=8713 roads=9141 errors=69
[g312-graph] requests=15288 discovered=178203 pending=8657 roads=9144 errors=69
[g312-graph] requests=15344 discovered=178469 pending=8601 roads=9148 errors=69
[g312-graph] requests=15400 discovered=178789 pending=8545 roads=9155 errors=69
[g312-graph] requests=15456 discovered=179460 pending=8489 roads=9173 errors=69
[g312-graph] requests=15512 discovered=179887 pending=8433 roads=9187 errors=69
[g312-graph] requests=15568 discovered=179940 pending=8377 roads=9195 errors=69
[g312-graph] requests=15624 discovered=180204 pending=8321 roads=9209 errors=69
[g312-graph] requests=15680 discovered=180394 pending=8265 roads=9215 errors=69
[g312-graph] requests=15736 discovered=180655 pending=8209 roads=9216 errors=69
[g312-graph] requests=15792 discovered=180910 pending=8153 roads=9218 errors=69
[g312-graph] requests=15848 discovered=181109 pending=8097 roads=9218 errors=69
[g312-graph] requests=15904 discovered=181314 pending=8041 roads=9218 errors=69
[g312-graph] requests=15960 discovered=181546 pending=7985 roads=9221 errors=69
[g312-graph] requests=16016 discovered=181765 pending=7929 roads=9221 errors=69
[g312-graph] requests=16072 discovered=182031 pending=7873 roads=9222 errors=69
[g312-graph] requests=16128 discovered=182184 pending=7817 roads=9223 errors=69
[g312-graph] requests=16184 discovered=182303 pending=7761 roads=9224 errors=69
[g312-graph] requests=16240 discovered=182437 pending=7705 roads=9224 errors=69
[g312-graph] requests=16296 discovered=182621 pending=7649 roads=9225 errors=69
[g312-graph] requests=16352 discovered=182626 pending=7593 roads=9227 errors=69
[g312-graph] requests=16408 discovered=182859 pending=7537 roads=9229 errors=69
[g312-graph] requests=16464 discovered=183115 pending=7481 roads=9230 errors=69
[g312-graph] requests=16520 discovered=183387 pending=7425 roads=9230 errors=69
[g312-graph] requests=16576 discovered=183621 pending=7369 roads=9230 errors=69
[g312-graph] requests=16632 discovered=183787 pending=7313 roads=9231 errors=69
[g312-graph] requests=16688 discovered=183952 pending=7257 roads=9234 errors=69
[g312-graph] requests=16744 discovered=184607 pending=7201 roads=9235 errors=69
[g312-graph] requests=16800 discovered=185269 pending=7145 roads=9240 errors=69
[g312-graph] requests=16856 discovered=185999 pending=7089 roads=9240 errors=69
[g312-graph] requests=16912 discovered=186325 pending=7033 roads=9245 errors=69
[g312-graph] requests=16968 discovered=186823 pending=6977 roads=9245 errors=69
[g312-graph] requests=17024 discovered=187143 pending=6921 roads=9248 errors=69
[g312-graph] requests=17080 discovered=187468 pending=6865 roads=9253 errors=69
[g312-graph] requests=17136 discovered=187481 pending=6809 roads=9289 errors=69
[g312-graph] requests=17192 discovered=187673 pending=6753 roads=9314 errors=69
[g312-graph] requests=17248 discovered=187798 pending=6697 roads=9315 errors=69
[g312-graph] requests=17304 discovered=187877 pending=6641 roads=9322 errors=69
[g312-graph] requests=17360 discovered=188006 pending=6585 roads=9325 errors=69
[g312-graph] requests=17416 discovered=188040 pending=6529 roads=9328 errors=69
[g312-graph] requests=17472 discovered=188411 pending=6473 roads=9333 errors=69
[g312-graph] requests=17528 discovered=188784 pending=6417 roads=9334 errors=69
[g312-graph] requests=17584 discovered=189281 pending=6361 roads=9335 errors=69
[g312-graph] requests=17640 discovered=189557 pending=6305 roads=9339 errors=69
[g312-graph] requests=17696 discovered=189595 pending=6249 roads=9350 errors=69
[g312-graph] requests=17752 discovered=189896 pending=6193 roads=9354 errors=69
[g312-graph] requests=17808 discovered=190166 pending=6137 roads=9355 errors=69
[g312-graph] requests=17864 discovered=190547 pending=6081 roads=9355 errors=69
[g312-graph] requests=17920 discovered=190547 pending=6025 roads=9356 errors=69
[g312-graph] requests=17976 discovered=190547 pending=5969 roads=9356 errors=69
[g312-graph] requests=18032 discovered=190547 pending=5913 roads=9357 errors=69
[g312-graph] requests=18088 discovered=190613 pending=5857 roads=9363 errors=69
[g312-graph] requests=18144 discovered=190613 pending=5801 roads=9365 errors=69
[g312-graph] requests=18200 discovered=190874 pending=5745 roads=9368 errors=69
[g312-graph] requests=18256 discovered=191239 pending=5689 roads=9368 errors=69
[g312-graph] requests=18312 discovered=191379 pending=5633 roads=9368 errors=69
[g312-graph] requests=18368 discovered=191379 pending=5577 roads=9369 errors=69
[g312-graph] requests=18424 discovered=191412 pending=5521 roads=9370 errors=69
[g312-graph] requests=18480 discovered=191846 pending=5465 roads=9371 errors=69
[g312-graph] requests=18536 discovered=191965 pending=5409 roads=9371 errors=69
[g312-graph] requests=18592 discovered=192017 pending=5353 roads=9374 errors=69
[g312-graph] requests=18648 discovered=192161 pending=5297 roads=9375 errors=69
[g312-graph] requests=18704 discovered=193116 pending=5241 roads=9426 errors=69
[g312-graph] requests=18760 discovered=193930 pending=5185 roads=9452 errors=69
[g312-graph] requests=18816 discovered=194465 pending=5129 roads=9461 errors=69
[g312-graph] requests=18872 discovered=195034 pending=5073 roads=9472 errors=69
[g312-graph] requests=18928 discovered=195562 pending=5017 roads=9485 errors=69
[g312-graph] requests=18984 discovered=195929 pending=4961 roads=9489 errors=69
[g312-graph] requests=19040 discovered=196278 pending=4905 roads=9490 errors=69
[g312-graph] requests=19096 discovered=196677 pending=4849 roads=9499 errors=69
[g312-graph] requests=19152 discovered=196872 pending=4793 roads=9505 errors=69
[g312-graph] requests=19208 discovered=197261 pending=4737 roads=9512 errors=69
[g312-graph] requests=19264 discovered=197789 pending=4681 roads=9513 errors=69
[g312-graph] requests=19320 discovered=198140 pending=4625 roads=9514 errors=69
[g312-graph] requests=19376 discovered=198626 pending=4569 roads=9514 errors=69
[g312-graph] requests=19432 discovered=198838 pending=4513 roads=9519 errors=69
[g312-graph] requests=19488 discovered=199044 pending=4457 roads=9532 errors=69
[g312-graph] requests=19544 discovered=199563 pending=4401 roads=9532 errors=69
[g312-graph] requests=19600 discovered=200066 pending=4345 roads=9534 errors=69
[g312-graph] requests=19656 discovered=200547 pending=4289 roads=9536 errors=69
[g312-graph] requests=19712 discovered=200797 pending=4233 roads=9537 errors=69
[g312-graph] requests=19768 discovered=201154 pending=4177 roads=9538 errors=69
[g312-graph] requests=19824 discovered=201391 pending=4121 roads=9538 errors=69
[g312-graph] requests=19880 discovered=201830 pending=4065 roads=9540 errors=69
[g312-graph] requests=19936 discovered=202208 pending=4009 roads=9546 errors=69
[g312-graph] requests=19992 discovered=202305 pending=3953 roads=9551 errors=69
[g312-graph] requests=20048 discovered=203305 pending=3897 roads=9563 errors=69
[g312-graph] requests=20104 discovered=204745 pending=3841 roads=9593 errors=69
[g312-graph] requests=20160 discovered=205708 pending=3785 roads=9610 errors=69
[g312-graph] requests=20216 discovered=205708 pending=3729 roads=9625 errors=69
[g312-graph] requests=20272 discovered=205708 pending=3673 roads=9645 errors=69
[g312-graph] requests=20328 discovered=205712 pending=3617 roads=9691 errors=69
[g312-graph] requests=20384 discovered=205939 pending=3561 roads=9714 errors=69
[g312-graph] requests=20440 discovered=207665 pending=3505 roads=9773 errors=69
[g312-graph] requests=20496 discovered=210342 pending=3449 roads=9879 errors=69
[g312-graph] requests=20552 discovered=212032 pending=3393 roads=9943 errors=69
[g312-graph] requests=20608 discovered=213868 pending=3337 roads=9967 errors=69
[g312-graph] requests=20664 discovered=214443 pending=3281 roads=9986 errors=69
[g312-graph] requests=20720 discovered=214799 pending=3225 roads=10034 errors=69
[g312-graph] requests=20776 discovered=215440 pending=3169 roads=10095 errors=69
[g312-graph] requests=20832 discovered=215972 pending=3113 roads=10147 errors=69
[g312-graph] requests=20888 discovered=216750 pending=3057 roads=10160 errors=69
[g312-graph] requests=20944 discovered=217912 pending=3001 roads=10168 errors=69
[g312-graph] requests=21000 discovered=218192 pending=2945 roads=10190 errors=69
[g312-graph] requests=21056 discovered=218196 pending=2889 roads=10210 errors=69
[g312-graph] requests=21112 discovered=218266 pending=2833 roads=10258 errors=69
[g312-graph] requests=21168 discovered=218717 pending=2777 roads=10276 errors=69
[g312-graph] requests=21224 discovered=219171 pending=2721 roads=10290 errors=69
[g312-graph] requests=21280 discovered=219669 pending=2665 roads=10292 errors=69
[g312-graph] requests=21336 discovered=220235 pending=2609 roads=10303 errors=69
[g312-graph] requests=21392 discovered=220822 pending=2553 roads=10306 errors=69
[g312-graph] requests=21448 discovered=221378 pending=2497 roads=10313 errors=69
[g312-graph] requests=21504 discovered=221892 pending=2441 roads=10325 errors=69
[g312-graph] requests=21560 discovered=222390 pending=2385 roads=10334 errors=69
[g312-graph] requests=21616 discovered=222873 pending=2329 roads=10342 errors=69
[g312-graph] requests=21672 discovered=223590 pending=2273 roads=10345 errors=69
[g312-graph] requests=21728 discovered=224683 pending=2217 roads=10346 errors=69
[g312-graph] requests=21784 discovered=225750 pending=2161 roads=10348 errors=69
[g312-graph] requests=21840 discovered=226518 pending=2105 roads=10360 errors=69
[g312-graph] requests=21896 discovered=227239 pending=2049 roads=10360 errors=69
[g312-graph] requests=21952 discovered=227905 pending=1993 roads=10378 errors=69
[g312-graph] requests=22008 discovered=228433 pending=1937 roads=10404 errors=69
[g312-graph] requests=22064 discovered=228755 pending=1881 roads=10426 errors=69
[g312-graph] requests=22120 discovered=230645 pending=1825 roads=10522 errors=69
[g312-graph] requests=22176 discovered=231435 pending=1769 roads=10542 errors=69
[g312-graph] requests=22232 discovered=231949 pending=1713 roads=10548 errors=69
[g312-graph] requests=22288 discovered=232245 pending=1657 roads=10548 errors=69
[g312-graph] requests=22344 discovered=232515 pending=1601 roads=10552 errors=69
[g312-graph] requests=22400 discovered=232856 pending=1545 roads=10553 errors=69
[g312-graph] requests=22456 discovered=233427 pending=1489 roads=10554 errors=69
[g312-graph] requests=22512 discovered=233792 pending=1433 roads=10564 errors=69
[g312-graph] requests=22568 discovered=233798 pending=1377 roads=10566 errors=69
[g312-graph] requests=22624 discovered=234083 pending=1321 roads=10568 errors=69
[g312-graph] requests=22680 discovered=234331 pending=1265 roads=10573 errors=69
[g312-graph] requests=22736 discovered=234641 pending=1209 roads=10574 errors=69
[g312-graph] requests=22792 discovered=234703 pending=1153 roads=10582 errors=69
[g312-graph] requests=22848 discovered=234703 pending=1097 roads=10601 errors=69
[g312-graph] requests=22904 discovered=235004 pending=1041 roads=10624 errors=69
[g312-graph] requests=22960 discovered=235638 pending=985 roads=10636 errors=69
[g312-graph] requests=23016 discovered=236199 pending=929 roads=10639 errors=69
[g312-graph] requests=23072 discovered=236755 pending=873 roads=10639 errors=69
[g312-graph] requests=23128 discovered=237369 pending=817 roads=10654 errors=69
[g312-graph] requests=23184 discovered=237941 pending=761 roads=10662 errors=69
[g312-graph] requests=23240 discovered=238566 pending=705 roads=10664 errors=69
[g312-graph] requests=23296 discovered=239225 pending=649 roads=10667 errors=69
[g312-graph] requests=23352 discovered=239981 pending=593 roads=10671 errors=69
[g312-graph] requests=23408 discovered=240413 pending=537 roads=10683 errors=69
[g312-graph] requests=23464 discovered=240419 pending=481 roads=10703 errors=69
[g312-graph] requests=23520 discovered=240419 pending=425 roads=10707 errors=69
[g312-graph] requests=23576 discovered=240467 pending=369 roads=10710 errors=69
[g312-graph] requests=23632 discovered=240484 pending=313 roads=10713 errors=69
[g312-graph] requests=23688 discovered=240484 pending=257 roads=10721 errors=69
[g312-graph] requests=23744 discovered=240587 pending=201 roads=10728 errors=69
[g312-graph] requests=23800 discovered=240587 pending=145 roads=10729 errors=69
[g312-graph] requests=23856 discovered=240587 pending=89 roads=10731 errors=69
[g312-graph] requests=23912 discovered=240587 pending=33 roads=10736 errors=69
[g312-graph] requests=23945 discovered=240587 pending=0 roads=10745 errors=69
{
  "ref": "G312",
  "slug": "g312",
  "records": 240583,
  "seeds": 23945,
  "metadataRequests": 23945,
  "pending": 0,
  "output": "outputs\\g312-tencent-panoramas.json",
  "report": "outputs\\g312-tencent-scan-report.json"
}
