audit records=14245 failed=79
  39.943387,116.431200 -> hit routeDistance=5.064377730481145
  39.949993,116.438454 -> hit routeDistance=6.8596929616079905
  39.974610,116.467039 -> hit routeDistance=2.884885589100278
  40.002065,116.496428 -> hit routeDistance=9.974474498083861
  40.062024,116.547743 -> hit routeDistance=16.133815425901528
  40.085520,116.552777 -> hit routeDistance=5.705857488658052
  40.086393,116.552918 -> hit routeDistance=9.492016130865158
  40.087266,116.553059 -> hit routeDistance=0.5234292207255961
  40.159708,116.623548 -> hit routeDistance=8.934458868717241
  40.230819,116.643454 -> hit routeDistance=4.331996344297222
  40.270668,116.631165 -> hit routeDistance=2.5679062439279705
  40.292536,116.637365 -> hit routeDistance=5.25227959150528
  40.323905,116.667232 -> hit routeDistance=6.159985641591064
  40.325349,116.674974 -> hit routeDistance=2.042161086885535
  40.327243,116.718899 -> hit routeDistance=5.361207346476279
  40.393330,116.856433 -> hit routeDistance=5.27564248182822
  40.402533,116.922911 -> hit routeDistance=2.6112754274851135
  40.470100,117.026684 -> hit routeDistance=1.844838822603863
  40.470807,117.027164 -> hit routeDistance=6.555521101540949
  40.539232,117.125648 -> hit routeDistance=3.2948359729447945
  40.613720,117.175368 -> hit routeDistance=6.29174357926609
  40.661091,117.153386 -> hit routeDistance=10.085973455273384
  40.713040,117.238340 -> hit routeDistance=5.509758106436243
  40.849398,117.409069 -> hit routeDistance=3.291915822698033
  40.854212,118.057056 -> hit routeDistance=3.030717751773745
  40.859410,118.028172 -> hit routeDistance=4.95247754651117
  40.880629,117.902712 -> hit routeDistance=11.295231611700132
  40.886594,117.788551 -> hit routeDistance=2.4922316558756425
  40.893999,117.627652 -> hit routeDistance=14.14571994502805
  40.898449,117.925759 -> hit routeDistance=4.2021964924452435
  40.900850,117.962591 -> hit routeDistance=6.29870095343866
  40.999388,118.431151 -> empty routeDistance=None
  40.999989,118.408220 -> empty routeDistance=None
  41.020752,119.052778 -> empty routeDistance=None
  41.034655,118.565558 -> empty routeDistance=None
  41.061963,119.055418 -> empty routeDistance=None
  41.118971,119.174832 -> empty routeDistance=None
  41.172503,119.216231 -> empty routeDistance=None
  41.298932,119.487261 -> empty routeDistance=None
  41.376508,119.819342 -> empty routeDistance=None
  41.386319,119.936190 -> empty routeDistance=None
  41.418025,119.730718 -> empty routeDistance=None
  41.426343,119.686120 -> empty routeDistance=None
  41.469152,120.041070 -> empty routeDistance=None
  41.496590,120.140279 -> empty routeDistance=None
  41.511042,120.217494 -> empty routeDistance=None
  41.536992,120.299179 -> empty routeDistance=None
  41.627913,120.454517 -> empty routeDistance=None
  41.649521,120.543180 -> empty routeDistance=None
  41.846422,120.734075 -> empty routeDistance=None
  41.847019,120.734806 -> empty routeDistance=None
  41.847616,120.735538 -> empty routeDistance=None
  41.848214,120.736269 -> empty routeDistance=None
  41.874520,120.968294 -> empty routeDistance=None
  41.893275,120.831332 -> empty routeDistance=None
  41.904499,121.083546 -> empty routeDistance=None
  41.904789,121.081917 -> empty routeDistance=None
  41.912488,123.398710 -> hit routeDistance=3.349197917989526
  41.932839,121.126308 -> empty routeDistance=None
  41.936723,123.386278 -> hit routeDistance=2.6330520919962024
  41.947435,121.150694 -> empty routeDistance=None
  42.011712,123.359151 -> hit routeDistance=8.436281847199403
  42.046051,121.416697 -> empty routeDistance=None
  42.059568,121.505198 -> empty routeDistance=None
  42.062904,121.492159 -> empty routeDistance=None
  42.065812,121.491208 -> empty routeDistance=None
  42.071532,121.488223 -> empty routeDistance=None
  42.075144,121.484183 -> empty routeDistance=None
  42.077048,121.482230 -> empty routeDistance=None
  42.112583,121.737596 -> empty routeDistance=None
  42.123416,123.216741 -> empty routeDistance=None
  42.169830,121.825470 -> empty routeDistance=None
  42.324397,121.912420 -> empty routeDistance=None
  42.348832,122.749652 -> empty routeDistance=None
  42.353562,121.963306 -> empty routeDistance=None
  42.356332,123.052020 -> empty routeDistance=None
  42.368789,122.522551 -> empty routeDistance=None
  42.433693,122.276509 -> empty routeDistance=None
  42.472131,122.112632 -> empty routeDistance=None
{
  "patched": 79,
  "remainingErrors": 0,
  "newSeedsFromRetry": [
    "10011013150417103649700",
    "10011013150422114119000",
    "10011013150422115212800",
    "10011013150422115223600",
    "10011013150422115232200",
    "10011013150422121320800",
    "10011022120718113755700",
    "10011026131015102446500",
    "10011029140903133811900",
    "10011029150507131756700",
    "10011029150507132127400",
    "10011029150507132817300",
    "10011029150514095656700",
    "10011029150514110757600",
    "10011029150514110804500",
    "10011029150514112839900",
    "10011029150514114220900",
    "10011029150514115304500",
    "10011029150514121143000",
    "10011029150514141754800",
    "10011029150514155351500",
    "10011029150516160311200",
    "10011049150530140234800",
    "11081049150913111049300",
    "11081049150913112127600",
    "11081049150914113324600",
    "11081049150915100652400",
    "11081049150915101050700",
    "11081049150915102859800",
    "11081049150925140550000",
    "11081049150925143501000",
    "14011029150907115935300",
    "14011029150907121607200",
    "14011029150907123132900"
  ]
}
