reuse lishui-panorama/index.html (50398 bytes already on server)
reuse lishui-panorama/lishui-tencent-lines.geojson (1230431 bytes already on server)
reuse lishui-panorama/s341/index.html (51158 bytes already on server)
reuse lishui-panorama/s341/s341-baidu-panoramas.json (7975395 bytes already on server)
reuse lishui-panorama/s341/s341-tencent-panoramas.json (1299361 bytes already on server)
reuse lishui-panorama/lishui-tencent-panoramas-part-01.json (4190117 bytes already on server)
reuse lishui-panorama/lishui-tencent-panoramas-part-02.json (4203831 bytes already on server)
reuse lishui-panorama/lishui-tencent-panoramas-part-03.json (4237175 bytes already on server)
reuse lishui-panorama/lishui-tencent-panoramas-part-04.json (4199543 bytes already on server)
reuse lishui-panorama/lishui-tencent-panoramas-part-05.json (4197434 bytes already on server)
upload lishui-panorama/g101/index.html: 50589 bytes
upload lishui-panorama/g101/g101-tencent-lines.geojson: 1617016 bytes
upload lishui-panorama/g101/g101-osm-route.geojson: 385852 bytes
upload lishui-panorama/g101/g101-tencent-panoramas-part-01.json: 4010426 bytes
upload lishui-panorama/g101/g101-tencent-panoramas-part-02.json: 4008997 bytes
upload lishui-panorama/g101/g101-tencent-panoramas-part-03.json: 4015850 bytes
upload lishui-panorama/g101/g101-tencent-panoramas-part-04.json: 3098445 bytes
reuse lishui-panorama/g106/index.html (50589 bytes already on server)
reuse lishui-panorama/g106/g106-tencent-lines.geojson (2384605 bytes already on server)
reuse lishui-panorama/g106/g106-osm-route.geojson (1292651 bytes already on server)
reuse lishui-panorama/g106/g106-tencent-panoramas-part-01.json (3974389 bytes already on server)
reuse lishui-panorama/g106/g106-tencent-panoramas-part-02.json (3976972 bytes already on server)
reuse lishui-panorama/g106/g106-tencent-panoramas-part-03.json (4020064 bytes already on server)
reuse lishui-panorama/g106/g106-tencent-panoramas-part-04.json (4025768 bytes already on server)
reuse lishui-panorama/g106/g106-tencent-panoramas-part-05.json (4003113 bytes already on server)
reuse lishui-panorama/g106/g106-tencent-panoramas-part-06.json (3992596 bytes already on server)
reuse lishui-panorama/g106/g106-tencent-panoramas-part-07.json (1987104 bytes already on server)
reuse lishui-panorama/g312/index.html (50590 bytes already on server)
reuse lishui-panorama/g312/g312-tencent-lines.geojson (4990464 bytes already on server)
reuse lishui-panorama/g312/g312-osm-route.geojson (2385679 bytes already on server)
reuse lishui-panorama/g312/g312-tencent-panoramas-part-01.json (3998466 bytes already on server)
reuse lishui-panorama/g312/g312-tencent-panoramas-part-02.json (4002697 bytes already on server)
reuse lishui-panorama/g312/g312-tencent-panoramas-part-03.json (4024387 bytes already on server)
reuse lishui-panorama/g312/g312-tencent-panoramas-part-04.json (3998634 bytes already on server)
reuse lishui-panorama/g312/g312-tencent-panoramas-part-05.json (3999198 bytes already on server)
reuse lishui-panorama/g312/g312-tencent-panoramas-part-06.json (4014060 bytes already on server)
reuse lishui-panorama/g312/g312-tencent-panoramas-part-07.json (4008971 bytes already on server)
reuse lishui-panorama/g312/g312-tencent-panoramas-part-08.json (3982039 bytes already on server)
reuse lishui-panorama/g312/g312-tencent-panoramas-part-09.json (3996618 bytes already on server)
reuse lishui-panorama/g312/g312-tencent-panoramas-part-10.json (4036264 bytes already on server)
reuse lishui-panorama/g312/g312-tencent-panoramas-part-11.json (4011468 bytes already on server)
reuse lishui-panorama/g312/g312-tencent-panoramas-part-12.json (4028758 bytes already on server)
reuse lishui-panorama/g312/g312-tencent-panoramas-part-13.json (4070577 bytes already on server)
reuse lishui-panorama/g312/g312-tencent-panoramas-part-14.json (3998653 bytes already on server)
reuse lishui-panorama/g312/g312-tencent-panoramas-part-15.json (3962639 bytes already on server)
reuse lishui-panorama/g312/g312-tencent-panoramas-part-16.json (4020397 bytes already on server)
reuse lishui-panorama/g312/g312-tencent-panoramas-part-17.json (969891 bytes already on server)
entries=47 reused=40 uploaded=7 uploadedBytes=17187175
published cn171g11/cn171g11.github.io@main commit b248b87ce8d4b3cb68f82eb818d4d5a7f8c088e6
site cards: updated: +1 card(s)
