reuse lishui-panorama/index.html (50398 bytes already on server)
reuse lishui-panorama/lishui-tencent-lines.geojson (1230431 bytes already on server)
reuse lishui-panorama/s341/index.html (51158 bytes already on server)
reuse lishui-panorama/s341/s341-baidu-panoramas.json (7975395 bytes already on server)
reuse lishui-panorama/s341/s341-tencent-panoramas.json (1299361 bytes already on server)
reuse lishui-panorama/lishui-tencent-panoramas-part-01.json (4190117 bytes already on server)
reuse lishui-panorama/lishui-tencent-panoramas-part-02.json (4203831 bytes already on server)
reuse lishui-panorama/lishui-tencent-panoramas-part-03.json (4237175 bytes already on server)
reuse lishui-panorama/lishui-tencent-panoramas-part-04.json (4199543 bytes already on server)
reuse lishui-panorama/lishui-tencent-panoramas-part-05.json (4197434 bytes already on server)
reuse lishui-panorama/g101/index.html (50589 bytes already on server)
reuse lishui-panorama/g101/g101-tencent-lines.geojson (1617016 bytes already on server)
reuse lishui-panorama/g101/g101-osm-route.geojson (385852 bytes already on server)
reuse lishui-panorama/g101/g101-tencent-panoramas-part-01.json (4010426 bytes already on server)
reuse lishui-panorama/g101/g101-tencent-panoramas-part-02.json (4008997 bytes already on server)
reuse lishui-panorama/g101/g101-tencent-panoramas-part-03.json (4015850 bytes already on server)
reuse lishui-panorama/g101/g101-tencent-panoramas-part-04.json (3098445 bytes already on server)
reuse lishui-panorama/g102/index.html (50589 bytes already on server)
reuse lishui-panorama/g102/g102-tencent-lines.geojson (2985173 bytes already on server)
reuse lishui-panorama/g102/g102-osm-route.geojson (820701 bytes already on server)
reuse lishui-panorama/g102/g102-tencent-panoramas-part-01.json (3974035 bytes already on server)
reuse lishui-panorama/g102/g102-tencent-panoramas-part-02.json (3993082 bytes already on server)
reuse lishui-panorama/g102/g102-tencent-panoramas-part-03.json (3991332 bytes already on server)
reuse lishui-panorama/g102/g102-tencent-panoramas-part-04.json (4011593 bytes already on server)
reuse lishui-panorama/g102/g102-tencent-panoramas-part-05.json (4004553 bytes already on server)
reuse lishui-panorama/g102/g102-tencent-panoramas-part-06.json (4036863 bytes already on server)
reuse lishui-panorama/g102/g102-tencent-panoramas-part-07.json (3351475 bytes already on server)
upload lishui-panorama/g103/index.html: 50589 bytes
upload lishui-panorama/g103/g103-tencent-lines.geojson: 1325323 bytes
upload lishui-panorama/g103/g103-osm-route.geojson: 240061 bytes
upload lishui-panorama/g103/g103-tencent-panoramas-part-01.json: 4004047 bytes
upload lishui-panorama/g103/g103-tencent-panoramas-part-02.json: 4041608 bytes
upload lishui-panorama/g103/g103-tencent-panoramas-part-03.json: 4001059 bytes
upload lishui-panorama/g103/g103-tencent-panoramas-part-04.json: 1675837 bytes
reuse lishui-panorama/g106/index.html (50589 bytes already on server)
reuse lishui-panorama/g106/g106-tencent-lines.geojson (2384605 bytes already on server)
reuse lishui-panorama/g106/g106-osm-route.geojson (1292651 bytes already on server)
reuse lishui-panorama/g106/g106-tencent-panoramas-part-01.json (3974389 bytes already on server)
reuse lishui-panorama/g106/g106-tencent-panoramas-part-02.json (3976972 bytes already on server)
reuse lishui-panorama/g106/g106-tencent-panoramas-part-03.json (4020064 bytes already on server)
reuse lishui-panorama/g106/g106-tencent-panoramas-part-04.json (4025768 bytes already on server)
reuse lishui-panorama/g106/g106-tencent-panoramas-part-05.json (4003113 bytes already on server)
reuse lishui-panorama/g106/g106-tencent-panoramas-part-06.json (3992596 bytes already on server)
reuse lishui-panorama/g106/g106-tencent-panoramas-part-07.json (1987104 bytes already on server)
reuse lishui-panorama/g312/index.html (50590 bytes already on server)
reuse lishui-panorama/g312/g312-tencent-lines.geojson (4990464 bytes already on server)
reuse lishui-panorama/g312/g312-osm-route.geojson (2385679 bytes already on server)
reuse lishui-panorama/g312/g312-tencent-panoramas-part-01.json (3998466 bytes already on server)
reuse lishui-panorama/g312/g312-tencent-panoramas-part-02.json (4002697 bytes already on server)
reuse lishui-panorama/g312/g312-tencent-panoramas-part-03.json (4024387 bytes already on server)
reuse lishui-panorama/g312/g312-tencent-panoramas-part-04.json (3998634 bytes already on server)
reuse lishui-panorama/g312/g312-tencent-panoramas-part-05.json (3999198 bytes already on server)
reuse lishui-panorama/g312/g312-tencent-panoramas-part-06.json (4014060 bytes already on server)
reuse lishui-panorama/g312/g312-tencent-panoramas-part-07.json (4008971 bytes already on server)
reuse lishui-panorama/g312/g312-tencent-panoramas-part-08.json (3982039 bytes already on server)
reuse lishui-panorama/g312/g312-tencent-panoramas-part-09.json (3996618 bytes already on server)
reuse lishui-panorama/g312/g312-tencent-panoramas-part-10.json (4036264 bytes already on server)
reuse lishui-panorama/g312/g312-tencent-panoramas-part-11.json (4011468 bytes already on server)
reuse lishui-panorama/g312/g312-tencent-panoramas-part-12.json (4028758 bytes already on server)
reuse lishui-panorama/g312/g312-tencent-panoramas-part-13.json (4070577 bytes already on server)
reuse lishui-panorama/g312/g312-tencent-panoramas-part-14.json (3998653 bytes already on server)
reuse lishui-panorama/g312/g312-tencent-panoramas-part-15.json (3962639 bytes already on server)
reuse lishui-panorama/g312/g312-tencent-panoramas-part-16.json (4020397 bytes already on server)
reuse lishui-panorama/g312/g312-tencent-panoramas-part-17.json (969891 bytes already on server)
entries=64 reused=57 uploaded=7 uploadedBytes=15338524
published cn171g11/cn171g11.github.io@main commit f7079a323a40ddef154e70d42fe228cb34761c79
site cards: updated: +1 card(s)
