{
  "ref": "G103",
  "wayCount": 428,
  "routeLengthKilometers": 344.116,
  "sampleNames": [
    "??????",
    "?????",
    "??????",
    "???",
    "???",
    "??????????",
    "?????????",
    "????",
    "?????",
    "??????",
    "??????",
    "????????",
    "????",
    "????",
    "???",
    "?????????",
    "?????????",
    "??????????",
    "???",
    "????",
    "???",
    "??????",
    "????",
    "?????",
    "??????",
    "??????",
    "??????",
    "????",
    "???????",
    "????"
  ]
}
saved E:\workbuddy data work\2026-09-19-13-38-01\g103-osm-route.json and E:\workbuddy data work\2026-09-19-13-38-01\outputs\g103-osm-route-report.json
