audit records=5477 failed=24
  39.007361,117.721603 -> hit routeDistance=28.86254028200632
  39.034471,117.611637 -> hit routeDistance=57.28927630187842
  39.078648,117.350873 -> hit routeDistance=44.06514919603728
  39.182597,117.237759 -> hit routeDistance=7.2960844535462295
  39.190059,117.229509 -> hit routeDistance=2.6525581621366308
  39.206912,117.216451 -> hit routeDistance=7.759792765544891
  39.244457,117.173263 -> hit routeDistance=10.973146806394352
  39.310389,117.088619 -> hit routeDistance=6.7346000783305975
  39.311542,117.088550 -> hit routeDistance=6.3104555805167655
  39.379248,117.119777 -> hit routeDistance=4.510524137010514
  39.463531,117.030431 -> hit routeDistance=8.081577538308089
  39.500423,116.998077 -> hit routeDistance=5.6176508900738416
  39.567044,116.968908 -> hit routeDistance=8.829066652511267
  39.626747,116.953156 -> hit routeDistance=5.517418351300379
  39.669061,116.913824 -> hit routeDistance=7.280347851880311
  39.735737,116.859338 -> hit routeDistance=4.795992913908875
  39.847220,116.753578 -> hit routeDistance=5.420424750669883
  39.861829,116.715342 -> hit routeDistance=1.422370412365989
  39.882300,116.663564 -> hit routeDistance=543.7988861631848
  39.906601,116.506571 -> hit routeDistance=5.925877554042795
  39.906692,116.496044 -> hit routeDistance=1.0050982699010915
  39.906963,116.482479 -> hit routeDistance=7.324643658985355
  39.906970,116.481586 -> hit routeDistance=10.024867844430387
  39.906976,116.480693 -> hit routeDistance=11.303870920074763
{
  "patched": 24,
  "remainingErrors": 0,
  "newSeedsFromRetry": [
    "10011049131103152615700",
    "10011049150326115304000",
    "10011049150326122559200",
    "10011049150326130131700",
    "10011049150326140145600",
    "10011059150713120559200",
    "10011059150713120716100",
    "10011059150713145011900",
    "10011059150713145018900",
    "10131024130426141112100",
    "10131029130505105321600",
    "10131033130426085333100",
    "10131033130426095340800",
    "10131033130426101605600",
    "10131033130426113309500",
    "10131033130426115546500",
    "10131033130427102709100",
    "10131039140806100007800",
    "10131053140809104547800",
    "10131053140809110044000",
    "10131053140809110354100",
    "10131053140904171912800",
    "10131053141224140710300"
  ]
}
